Virtuoso Framework License (111) was checked out successfully. Total checkout time was 0.11s.
********************************************************************************
Product   : Virtuoso(R) XStream Out
Program   : @(#)$CDS: strmout version IC23.1-64b 01/13/2026 22:48 (cpgbld15) $
          : sub-version  IC23.1-64b.ISR17.40 
Started at: 30-Sep-2026  23:41:15
User Name : root
Host Name : cadence-vm
Directory : /root/agriculture-SoC/analog/cadence
CADENCE Design Systems, Inc.
********************************************************************************
Info: Cellview Rev Num:99,  Tech Rev Num:59

WARNING (XSTRM-20): Output Stream file '/root/agriculture-SoC/analog/cadence/pegasus_runs/LVS/carray_8b.gds.gz' already exists. It will be overwritten.
Loading sky130_fd_pr_main/libInit.il ...
	Loading sky130_fd_pr_main/loadCxt.ile ... done!
	Loading context 'sky130_fd_pr_main' from library 'sky130_fd_pr_main' ... done!
	Loading context 'pdkUtils' from library 'sky130_fd_pr_main' ... done!
	Loading sky130_fd_pr_main/libInitCktPro.il ... done!
	Loading sky130_fd_pr_main/libInitCustomExit.il ... 	Loading Environment Settings ...
done!
Loaded sky130_fd_pr_main/libInit.il successfully!
INFO (XSTRM-217): Reading the layer map file, /opt/pdk/sky130_release_0.1.0/libs/sky130_fd_pr_main/sky130_fd_pr_main.layermap
WARNING (XSTRM-333): The '-enableColoring' option will be ignored during XStream Out. This is because there is no color entry in the layer map and the object map file.
INFO (XSTRM-427): Based on current hardware configuration, running XStream Out translation in multi-threaded mode with 3 threads.
INFO (XSTRM-280): The output file will be a compressed file because the file name has extension .gz
INFO (XSTRM-162): You have not used the '-viaMap' option. If the OpenAccess design has native oaVia instances, use the '-viaMap' option for preserving oaVia instances in a XStream Out - XStream In round trip. Using the '-viaMap' option improves performance and VM usage of applications using the Streamed-In design.

Summary of Options :
library                                 sar_adc
strmFile                                /root/agriculture-SoC/analog/cadence/pegasus_runs/LVS/carray_8b.gds.gz
topCell                                 carray_8b
view                                    layout
runDir                                  /root/agriculture-SoC/analog/cadence/pegasus_runs/LVS
logFile                                 /root/agriculture-SoC/analog/cadence/pegasus_runs/LVS/PIPO1.LOG
techLib                                 sky130_fd_pr_main
hierDepth                               32
maxVertices                             2048
layerMap                                /opt/pdk/sky130_release_0.1.0/libs/sky130_fd_pr_main/sky130_fd_pr_main.layermap
userSkillFile                           /root/agriculture-SoC/analog/cadence/pegasus_runs/LVS/strmout.il
labelDepth                              32
case                                    Preserve
convertDot                              node
convertPin                              geometryAndText

INFO (XSTRM-180): You have not used the '-objectMap' option. The design has instance(s) of at least one of following OpenAccess objects: oaBlockage, oaBoundary, oaRow, and oaMarker. Any information about these objects will not be translated into the generated stream file. Use the '-objectMap' option to translate/preserve these objects using XStream.
INFO (XSTRM-223): 1. Translating stdVia sky130_fd_pr_main/M2M3_C/layout as STRUCTURE M2M3_C_CDNS_790775675840.
INFO (XSTRM-223): 2. Translating stdVia sky130_fd_pr_main/M2M3_C/layout as STRUCTURE M2M3_C_CDNS_790775675841.
INFO (XSTRM-223): 3. Translating stdVia sky130_fd_pr_main/M2M3_C/layout as STRUCTURE M2M3_C_CDNS_790775675842.
INFO (XSTRM-223): 4. Translating stdVia sky130_fd_pr_main/M2M3_C/layout as STRUCTURE M2M3_C_CDNS_790775675843.
INFO (XSTRM-223): 5. Translating stdVia sky130_fd_pr_main/M2M3_C/layout as STRUCTURE M2M3_C_CDNS_790775675844.
INFO (XSTRM-223): 6. Translating stdVia sky130_fd_pr_main/M2M3_C/layout as STRUCTURE M2M3_C_CDNS_790775675845.
INFO (XSTRM-223): 7. Translating stdVia sky130_fd_pr_main/M2M3_C/layout as STRUCTURE M2M3_C_CDNS_790775675846.
INFO (XSTRM-223): 8. Translating stdVia sky130_fd_pr_main/M2M3_C/layout as STRUCTURE M2M3_C_CDNS_790775675847.
INFO (XSTRM-223): 9. Translating stdVia sky130_fd_pr_main/M2M3_C/layout as STRUCTURE M2M3_C_CDNS_790775675848.
INFO (XSTRM-223): 10. Translating stdVia sky130_fd_pr_main/M2M3_C/layout as STRUCTURE M2M3_C_CDNS_790775675849.
INFO (XSTRM-223): 11. Translating stdVia sky130_fd_pr_main/M2M3_C/layout as STRUCTURE M2M3_C_CDNS_7907756758410.
INFO (XSTRM-223): 12. Translating stdVia sky130_fd_pr_main/M3M4_C/layout as STRUCTURE M3M4_C_CDNS_7907756758411.
INFO (XSTRM-223): 13. Translating stdVia sky130_fd_pr_main/M2M3_C/layout as STRUCTURE M2M3_C_CDNS_7907756758412.
INFO (XSTRM-223): 14. Translating stdVia sky130_fd_pr_main/M3M4_C/layout as STRUCTURE M3M4_C_CDNS_7907756758413.
INFO (XSTRM-223): 15. Translating stdVia sky130_fd_pr_main/M2M3_C/layout as STRUCTURE M2M3_C_CDNS_7907756758414.
INFO (XSTRM-223): 16. Translating stdVia sky130_fd_pr_main/M3M4_C/layout as STRUCTURE M3M4_C_CDNS_7907756758415.
INFO (XSTRM-223): 17. Translating stdVia sky130_fd_pr_main/M2M3_C/layout as STRUCTURE M2M3_C_CDNS_7907756758416.
INFO (XSTRM-223): 18. Translating stdVia sky130_fd_pr_main/M3M4_C/layout as STRUCTURE M3M4_C_CDNS_7907756758417.
INFO (XSTRM-223): 19. Translating stdVia sky130_fd_pr_main/M2M3_C/layout as STRUCTURE M2M3_C_CDNS_7907756758418.
INFO (XSTRM-223): 20. Translating stdVia sky130_fd_pr_main/M3M4_C/layout as STRUCTURE M3M4_C_CDNS_7907756758419.
INFO (XSTRM-223): 21. Translating stdVia sky130_fd_pr_main/M2M3_C/layout as STRUCTURE M2M3_C_CDNS_7907756758420.
INFO (XSTRM-223): 22. Translating stdVia sky130_fd_pr_main/M3M4_C/layout as STRUCTURE M3M4_C_CDNS_7907756758421.
INFO (XSTRM-223): 23. Translating stdVia sky130_fd_pr_main/M2M3_C/layout as STRUCTURE M2M3_C_CDNS_7907756758422.
INFO (XSTRM-223): 24. Translating stdVia sky130_fd_pr_main/M3M4_C/layout as STRUCTURE M3M4_C_CDNS_7907756758423.
INFO (XSTRM-223): 25. Translating stdVia sky130_fd_pr_main/M2M3_C/layout as STRUCTURE M2M3_C_CDNS_7907756758424.
INFO (XSTRM-223): 26. Translating stdVia sky130_fd_pr_main/M3M4_C/layout as STRUCTURE M3M4_C_CDNS_7907756758425.
INFO (XSTRM-223): 27. Translating cellview sky130_fd_pr_main/cap_mim_m3__base/layout as STRUCTURE cap_mim_m3__base_CDNS_790775675840.
INFO (XSTRM-223): 28. Translating cellview sar_adc/mim_cap_adc/layout as STRUCTURE mim_cap_adc.
INFO (XSTRM-223): 29. Translating cellview sar_adc/carray_8b/layout as STRUCTURE carray_8b.

Summary of Objects Translated:
	Scalar Instances:                       325
	Array Instances:                        0
	Polygons:                               1
	Paths:                                  0
	Rectangles:                             232
	Lines:                                  0
	Arcs:                                   0
	Donuts:                                 0
	Dots:                                   0
	Ellipses:                               0
	Boundaries:                             0
	Area Blockages:                         0
	Layer Blockages:                        0
	Area Halos:                             0
	Markers:                                0
	Rows:                                   0
	Stitch:                                 0
	Standard Vias                           52
	Custom Vias:                            0
	CdsGen Vias:                            0
	Pathsegs:                               750
	Text:                                   0
	TextDisplay:                            7
	Cells:                                  29

Elapsed Time: 0.3s   User Time: 0.1s   CPU Time: 0.0s   Peak VM: 90748KB
INFO (XSTRM-234): Translation completed. '0' error(s) and '2' warning(s) found.
